"C:/Users/rjohn/Desktop/New folder (4)/Parallel2CSI2_YUV422_8bit_2lane_XO2_V5/rtl/colorbar_gen.v"
"C:/Users/rjohn/Desktop/New folder (4)/Parallel2CSI2_YUV422_8bit_2lane_XO2_V5/rtl/IO_Controller_TX.v"
"C:/Users/rjohn/Desktop/New folder (4)/Parallel2CSI2_YUV422_8bit_2lane_XO2_V5/rtl/oDDRx4.v"
"C:/Users/rjohn/Desktop/New folder (4)/Parallel2CSI2_YUV422_8bit_2lane_XO2_V5/rtl/DPHY_TX_INST.v"
"C:/Users/rjohn/Desktop/New folder (4)/Parallel2CSI2_YUV422_8bit_2lane_XO2_V5/rtl/LP_HS_dly_ctrl.v"
"C:/Users/rjohn/Desktop/New folder (4)/Parallel2CSI2_YUV422_8bit_2lane_XO2_V5/rtl/BYTE_PACKETIZER.v"
"C:/Users/rjohn/Desktop/New folder (4)/Parallel2CSI2_YUV422_8bit_2lane_XO2_V5/rtl/IPExpress/pll_pix2byte_YUV422_8bit_2lane.v"
"C:/Users/rjohn/Desktop/New folder (4)/Parallel2CSI2_YUV422_8bit_2lane_XO2_V5/rtl/top.v"
"C:/Users/rjohn/Desktop/New folder (4)/Parallel2CSI2_YUV422_8bit_2lane_XO2_V5/Parallel2CSI2_YUV422_8bit_2lane_XO2/tb/Parallel2CSI2_tb_2lane.v"
"C:/Users/rjohn/Desktop/New folder (4)/Parallel2CSI2_YUV422_8bit_2lane_XO2_V5/rtl/compiler_directives.v"
