

@S |Clock Optimization Summary


#### START OF CLOCK OPTIMIZATION REPORT #####[

0 non-gated/non-generated clock tree(s) driving 0 clock pin(s) of sequential element(s)
3 gated/generated clock tree(s) driving 111 clock pin(s) of sequential element(s)
0 instances converted, 111 sequential instances remain driven by gated/generated clocks

=============================================================================================================================== Gated/Generated Clocks ================================================================================================================================
Clock Tree ID     Driving Element                                Drive Element Type     Fanout     Sample Instance                                       Explanation                                                                                                                   
---------------------------------------------------------------------------------------------------------------------------------------------------------------------------------------------------------------------------------------------------------------------------------------
@K:CKID0001       u_pll_pix2byte_YUV422_8bit_1lane.PLLInst_0     EHXPLLJ                64         u_LP_HS_DELAY_CNTRL.data_dly[26].hold_data_CF4[4]     Gating structure creates improper gating logic. See the Gated Clocks description in the user guide for conversion requirements
@K:CKID0002       u_OSCH                                         OSCH                   43         u_colorbar_gen.color_cntr[11]                         No gated clock conversion method for cell cell:LUCENT.FD1S3DX                                                                 
@K:CKID0003       u_DPHY_TX_INST.u_oDDRx4.Inst3_CLKDIVC          CLKDIVC                4          u_DPHY_TX_INST.u_oDDRx4.FF_0                          No gated clock conversion method for cell cell:LUCENT.FD1P3DX                                                                 
=======================================================================================================================================================================================================================================================================================


##### END OF CLOCK OPTIMIZATION REPORT ######]

